<html>
<body>
<pre>
<h1>礦ision Build Log</h1>
<h2>Tool Versions:</h2>
IDE-Version: μVision V5.16a
Copyright (C) 2015 ARM Ltd and ARM Germany GmbH. All rights reserved.
License Information: z zzq, zzq, LIC=X1ERA-1QJ6I-ILBCB-2RYLT-8XHRY-F4UVX
 
Tool Versions:
Toolchain:       MDK-ARM Professional  Version: 5.16a
Toolchain Path:  d:\Keil_v5\ARM\ARMCC\Bin
C Compiler:      Armcc.exe V5.06 (build 20)
Assembler:       Armasm.exe V5.06 (build 20)
Linker/Locator:  ArmLink.exe V5.06 (build 20)
Library Manager: ArmAr.exe V5.06 (build 20)
Hex Converter:   FromElf.exe V5.06 (build 20)
CPU DLL:         SARMCM3.DLL V5.16a
Dialog DLL:      DCM.DLL V1.13.2.0
Target DLL:      Segger\JL2CM3.dll V2.99.15.2
Dialog DLL:      TCM.DLL V1.14.5.0
 
<h2>Project:</h2>
C:\Users\Administrator\Desktop\音乐广州塔\程序\USER\音乐广州塔.uvprojx
Project File Date:  12/24/2016

<h2>Output:</h2>
*** Using Compiler 'V5.06 (build 20)', folder: 'd:\Keil_v5\ARM\ARMCC\Bin'
Build target 'Target 1'
compiling bluetooth.c...
..\HARDWARE\BLUETOOTH\bluetooth.c(1): warning:  #1-D: last line of file ends without a newline
  #include "bluetooth.h"
..\HARDWARE\BLUETOOTH\bluetooth.h(4): warning:  #1-D: last line of file ends without a newline
  #endif	 
..\HARDWARE\BLUETOOTH\bluetooth.c: 2 warnings, 0 errors
linking...
Program Size: Code=4884 RO-data=336 RW-data=52 ZI-data=1868  
FromELF: creating hex file...
"..\OBJ\LED.axf" - 0 Error(s), 2 Warning(s).

<h2>Collection of Component include folders:</h2>
  C:\Users\Administrator\Desktop\音乐广州塔\程序\USER\RTE
  d:\Keil_v5\ARM\PACK\Keil\STM32F1xx_DFP\2.0.0\Device\Include

<h2>Collection of Component Files used:</h2>
Build Time Elapsed:  00:00:01
</pre>
</body>
</html>
